// Jest Snapshot v1, https://goo.gl/fbAQLP

exports[`LineItem component should render correctly 1`] = `
ShallowWrapper {
  Symbol(enzyme.__root__): [Circular],
  Symbol(enzyme.__unrendered__): <LineItem
    0={
      Object {
        "author": "test author",
        "created_at": "2017-02-19T21:16:33.000Z",
        "index": 1,
        "num_comments": 23,
        "objectID": "7687",
        "title": "test title",
        "url": "test.com",
      }
    }
  />,
  Symbol(enzyme.__renderer__): Object {
    "batchedUpdates": [Function],
    "checkPropTypes": [Function],
    "getNode": [Function],
    "render": [Function],
    "simulateError": [Function],
    "simulateEvent": [Function],
    "unmount": [Function],
  },
  Symbol(enzyme.__node__): Object {
    "instance": null,
    "key": undefined,
    "nodeType": "host",
    "props": Object {
      "children": Array [
        <p
          className={undefined}
        >
          .
        </p>,
        <p
          className={undefined}
        />,
        <p
          className={undefined}
        >
          0
        </p>,
        <a
          className={undefined}
          onClick={[Function]}
        />,
        <h4>
           
          <span
            className={undefined}
          >
            (
            ) by 
            <strong
              className={undefined}
            />
             
            <TimeAgo
              component="time"
              date={undefined}
              formatter={[Function]}
              live={true}
              maxPeriod={Infinity}
              minPeriod={0}
              now={[Function]}
            />
          </span>
        </h4>,
      ],
      "className": undefined,
    },
    "ref": null,
    "rendered": Array [
      Object {
        "instance": null,
        "key": undefined,
        "nodeType": "host",
        "props": Object {
          "children": Array [
            undefined,
            ".",
          ],
          "className": undefined,
        },
        "ref": null,
        "rendered": Array [
          undefined,
          ".",
        ],
        "type": "p",
      },
      Object {
        "instance": null,
        "key": undefined,
        "nodeType": "host",
        "props": Object {
          "children": undefined,
          "className": undefined,
        },
        "ref": null,
        "rendered": null,
        "type": "p",
      },
      Object {
        "instance": null,
        "key": undefined,
        "nodeType": "host",
        "props": Object {
          "children": "0",
          "className": undefined,
        },
        "ref": null,
        "rendered": "0",
        "type": "p",
      },
      Object {
        "instance": null,
        "key": undefined,
        "nodeType": "host",
        "props": Object {
          "className": undefined,
          "onClick": [Function],
        },
        "ref": null,
        "rendered": null,
        "type": "a",
      },
      Object {
        "instance": null,
        "key": undefined,
        "nodeType": "host",
        "props": Object {
          "children": Array [
            undefined,
            " ",
            <span
              className={undefined}
            >
              (
              ) by 
              <strong
                className={undefined}
              />
               
              <TimeAgo
                component="time"
                date={undefined}
                formatter={[Function]}
                live={true}
                maxPeriod={Infinity}
                minPeriod={0}
                now={[Function]}
              />
            </span>,
          ],
        },
        "ref": null,
        "rendered": Array [
          undefined,
          " ",
          Object {
            "instance": null,
            "key": undefined,
            "nodeType": "host",
            "props": Object {
              "children": Array [
                "(",
                undefined,
                ") by ",
                <strong
                  className={undefined}
                />,
                " ",
                <TimeAgo
                  component="time"
                  date={undefined}
                  formatter={[Function]}
                  live={true}
                  maxPeriod={Infinity}
                  minPeriod={0}
                  now={[Function]}
                />,
              ],
              "className": undefined,
            },
            "ref": null,
            "rendered": Array [
              "(",
              undefined,
              ") by ",
              Object {
                "instance": null,
                "key": undefined,
                "nodeType": "host",
                "props": Object {
                  "children": undefined,
                  "className": undefined,
                },
                "ref": null,
                "rendered": null,
                "type": "strong",
              },
              " ",
              Object {
                "instance": null,
                "key": undefined,
                "nodeType": "class",
                "props": Object {
                  "component": "time",
                  "date": undefined,
                  "formatter": [Function],
                  "live": true,
                  "maxPeriod": Infinity,
                  "minPeriod": 0,
                  "now": [Function],
                },
                "ref": null,
                "rendered": null,
                "type": [Function],
              },
            ],
            "type": "span",
          },
        ],
        "type": "h4",
      },
    ],
    "type": "li",
  },
  Symbol(enzyme.__nodes__): Array [
    Object {
      "instance": null,
      "key": undefined,
      "nodeType": "host",
      "props": Object {
        "children": Array [
          <p
            className={undefined}
          >
            .
          </p>,
          <p
            className={undefined}
          />,
          <p
            className={undefined}
          >
            0
          </p>,
          <a
            className={undefined}
            onClick={[Function]}
          />,
          <h4>
             
            <span
              className={undefined}
            >
              (
              ) by 
              <strong
                className={undefined}
              />
               
              <TimeAgo
                component="time"
                date={undefined}
                formatter={[Function]}
                live={true}
                maxPeriod={Infinity}
                minPeriod={0}
                now={[Function]}
              />
            </span>
          </h4>,
        ],
        "className": undefined,
      },
      "ref": null,
      "rendered": Array [
        Object {
          "instance": null,
          "key": undefined,
          "nodeType": "host",
          "props": Object {
            "children": Array [
              undefined,
              ".",
            ],
            "className": undefined,
          },
          "ref": null,
          "rendered": Array [
            undefined,
            ".",
          ],
          "type": "p",
        },
        Object {
          "instance": null,
          "key": undefined,
          "nodeType": "host",
          "props": Object {
            "children": undefined,
            "className": undefined,
          },
          "ref": null,
          "rendered": null,
          "type": "p",
        },
        Object {
          "instance": null,
          "key": undefined,
          "nodeType": "host",
          "props": Object {
            "children": "0",
            "className": undefined,
          },
          "ref": null,
          "rendered": "0",
          "type": "p",
        },
        Object {
          "instance": null,
          "key": undefined,
          "nodeType": "host",
          "props": Object {
            "className": undefined,
            "onClick": [Function],
          },
          "ref": null,
          "rendered": null,
          "type": "a",
        },
        Object {
          "instance": null,
          "key": undefined,
          "nodeType": "host",
          "props": Object {
            "children": Array [
              undefined,
              " ",
              <span
                className={undefined}
              >
                (
                ) by 
                <strong
                  className={undefined}
                />
                 
                <TimeAgo
                  component="time"
                  date={undefined}
                  formatter={[Function]}
                  live={true}
                  maxPeriod={Infinity}
                  minPeriod={0}
                  now={[Function]}
                />
              </span>,
            ],
          },
          "ref": null,
          "rendered": Array [
            undefined,
            " ",
            Object {
              "instance": null,
              "key": undefined,
              "nodeType": "host",
              "props": Object {
                "children": Array [
                  "(",
                  undefined,
                  ") by ",
                  <strong
                    className={undefined}
                  />,
                  " ",
                  <TimeAgo
                    component="time"
                    date={undefined}
                    formatter={[Function]}
                    live={true}
                    maxPeriod={Infinity}
                    minPeriod={0}
                    now={[Function]}
                  />,
                ],
                "className": undefined,
              },
              "ref": null,
              "rendered": Array [
                "(",
                undefined,
                ") by ",
                Object {
                  "instance": null,
                  "key": undefined,
                  "nodeType": "host",
                  "props": Object {
                    "children": undefined,
                    "className": undefined,
                  },
                  "ref": null,
                  "rendered": null,
                  "type": "strong",
                },
                " ",
                Object {
                  "instance": null,
                  "key": undefined,
                  "nodeType": "class",
                  "props": Object {
                    "component": "time",
                    "date": undefined,
                    "formatter": [Function],
                    "live": true,
                    "maxPeriod": Infinity,
                    "minPeriod": 0,
                    "now": [Function],
                  },
                  "ref": null,
                  "rendered": null,
                  "type": [Function],
                },
              ],
              "type": "span",
            },
          ],
          "type": "h4",
        },
      ],
      "type": "li",
    },
  ],
  Symbol(enzyme.__options__): Object {
    "adapter": ReactSixteenAdapter {
      "options": Object {
        "enableComponentDidUpdateOnSetState": true,
        "legacyContextMode": "parent",
        "lifecycles": Object {
          "componentDidUpdate": Object {
            "onSetState": true,
          },
          "getChildContext": Object {
            "calledByRenderer": false,
          },
          "getDerivedStateFromError": true,
          "getDerivedStateFromProps": Object {
            "hasShouldComponentUpdateBug": false,
          },
          "getSnapshotBeforeUpdate": true,
          "setState": Object {
            "skipsComponentDidUpdateOnNullish": true,
          },
        },
      },
    },
    Symbol(enzyme.__providerValues__): undefined,
  },
  Symbol(enzyme.__providerValues__): Map {},
  Symbol(enzyme.__childContext__): null,
}
`;
